[GR00T_N17] dataset_path=/scratch2/soochul/MHBench/datasets/mhbench-cocarry_a-unitree_g1x2_decentralized-joint
[GR00T_N17] base_model=nvidia/GR00T-N1.7-3B
[GR00T_N17] cosmos_model=nvidia/Cosmos-Reason2-2B
[GR00T_N17] video_backend=pyav
[GR00T_N17] output_dir=/scratch2/soochul/MHBench/baselines/XPolicyLab/policy/GR00T_N17/checkpoints/mhbench-cocarry_a-unitree_g1x2_decentralized-joint-0
[GR00T_N17] num_gpus=1
[GR00T_N17] global_batch_size=8
[GR00T_N17] per_gpu_batch_size=8
[GR00T_N17] max_steps=500
[GR00T_N17] save_steps=250
+ NUM_GPUS=1
+ MASTER_PORT=29500
+ SAVE_STEPS=250
+ MAX_STEPS=500
+ USE_WANDB=0
+ DATALOADER_NUM_WORKERS=8
+ GLOBAL_BATCH_SIZE=8
+ SHARD_SIZE=1024
+ NUM_SHARDS_PER_EPOCH=100000
+ EPISODE_SAMPLING_RATE=0.1
+ BASE_MODEL_PATH=
+ DATASET_PATH=
+ MODALITY_CONFIG_PATH=
+ EMBODIMENT_TAG=
+ OUTPUT_DIR=
+ EXPERIMENT_NAME=
+ WANDB_PROJECT=
+ STATE_DROPOUT_PROB=
+ EXTRA_ARGS=()
+ '[' 12 -gt 0 ']'
+ case "$1" in
+ BASE_MODEL_PATH=nvidia/GR00T-N1.7-3B
+ shift 2
+ '[' 10 -gt 0 ']'
+ case "$1" in
+ DATASET_PATH=/scratch2/soochul/MHBench/datasets/mhbench-cocarry_a-unitree_g1x2_decentralized-joint
+ shift 2
+ '[' 8 -gt 0 ']'
+ case "$1" in
+ EMBODIMENT_TAG=NEW_EMBODIMENT
+ shift 2
+ '[' 6 -gt 0 ']'
+ case "$1" in
+ MODALITY_CONFIG_PATH=/scratch2/soochul/MHBench/baselines/XPolicyLab/policy/GR00T_N17/configs/unitree_g1x2_decentralized_config.py
+ shift 2
+ '[' 4 -gt 0 ']'
+ case "$1" in
+ OUTPUT_DIR=/scratch2/soochul/MHBench/baselines/XPolicyLab/policy/GR00T_N17/checkpoints/mhbench-cocarry_a-unitree_g1x2_decentralized-joint-0
+ shift 2
+ '[' 2 -gt 0 ']'
+ case "$1" in
+ EXPERIMENT_NAME=mhbench-cocarry_a-unitree_g1x2_decentralized-joint-0
+ shift 2
+ '[' 0 -gt 0 ']'
+ for required_var in BASE_MODEL_PATH DATASET_PATH EMBODIMENT_TAG OUTPUT_DIR
+ '[' -z nvidia/GR00T-N1.7-3B ']'
+ for required_var in BASE_MODEL_PATH DATASET_PATH EMBODIMENT_TAG OUTPUT_DIR
+ '[' -z /scratch2/soochul/MHBench/datasets/mhbench-cocarry_a-unitree_g1x2_decentralized-joint ']'
+ for required_var in BASE_MODEL_PATH DATASET_PATH EMBODIMENT_TAG OUTPUT_DIR
+ '[' -z NEW_EMBODIMENT ']'
+ for required_var in BASE_MODEL_PATH DATASET_PATH EMBODIMENT_TAG OUTPUT_DIR
+ '[' -z /scratch2/soochul/MHBench/baselines/XPolicyLab/policy/GR00T_N17/checkpoints/mhbench-cocarry_a-unitree_g1x2_decentralized-joint-0 ']'
+ WANDB_FLAG=()
+ '[' 0 = 1 ']'
+ LAUNCH_CMD=(gr00t/experiment/launch_finetune.py --base_model_path "$BASE_MODEL_PATH" --dataset_path "$DATASET_PATH" --embodiment_tag "$EMBODIMENT_TAG" --num_gpus "$NUM_GPUS" --output_dir "$OUTPUT_DIR" --save_steps "$SAVE_STEPS" --save_total_limit 5 --max_steps "$MAX_STEPS" --warmup_ratio 0.05 --weight_decay 1e-5 --learning_rate 1e-4 "${WANDB_FLAG[@]}" --global_batch_size "$GLOBAL_BATCH_SIZE" --color_jitter_params brightness 0.3 contrast 0.4 saturation 0.5 hue 0.08 --dataloader_num_workers "$DATALOADER_NUM_WORKERS" --shard_size "$SHARD_SIZE" --num_shards_per_epoch "$NUM_SHARDS_PER_EPOCH" --episode_sampling_rate "$EPISODE_SAMPLING_RATE")
+ '[' -n /scratch2/soochul/MHBench/baselines/XPolicyLab/policy/GR00T_N17/configs/unitree_g1x2_decentralized_config.py ']'
+ LAUNCH_CMD+=(--modality_config_path "$MODALITY_CONFIG_PATH")
+ '[' -n mhbench-cocarry_a-unitree_g1x2_decentralized-joint-0 ']'
+ LAUNCH_CMD+=(--experiment_name "$EXPERIMENT_NAME")
+ '[' -n '' ']'
+ '[' -n '' ']'
+ '[' -n '' ']'
+ '[' 0 -gt 0 ']'
+ '[' 1 = 1 ']'
+ export CUDA_VISIBLE_DEVICES=0
+ CUDA_VISIBLE_DEVICES=0
+ exec python gr00t/experiment/launch_finetune.py --base_model_path nvidia/GR00T-N1.7-3B --dataset_path /scratch2/soochul/MHBench/datasets/mhbench-cocarry_a-unitree_g1x2_decentralized-joint --embodiment_tag NEW_EMBODIMENT --num_gpus 1 --output_dir /scratch2/soochul/MHBench/baselines/XPolicyLab/policy/GR00T_N17/checkpoints/mhbench-cocarry_a-unitree_g1x2_decentralized-joint-0 --save_steps 250 --save_total_limit 5 --max_steps 500 --warmup_ratio 0.05 --weight_decay 1e-5 --learning_rate 1e-4 --global_batch_size 8 --color_jitter_params brightness 0.3 contrast 0.4 saturation 0.5 hue 0.08 --dataloader_num_workers 8 --shard_size 1024 --num_shards_per_epoch 100000 --episode_sampling_rate 0.1 --modality_config_path /scratch2/soochul/MHBench/baselines/XPolicyLab/policy/GR00T_N17/configs/unitree_g1x2_decentralized_config.py --experiment_name mhbench-cocarry_a-unitree_g1x2_decentralized-joint-0
/scratch2/soochul/MHBench/baselines/XPolicyLab/policy/GR00T_N17/gr00t_n17/.venv/lib/python3.10/site-packages/albumentations/__init__.py:13: UserWarning: A new version of Albumentations is available: 2.0.8 (you have 1.4.18). Upgrade using: pip install -U albumentations. To disable automatic update checks, set the environment variable NO_ALBUMENTATIONS_UPDATE to 1.
  check_for_updates()
/scratch2/soochul/MHBench/baselines/XPolicyLab/policy/GR00T_N17/gr00t_n17/gr00t/experiment/experiment.py:58: UserWarning: video_backend is not torchcodec. Only torchcodec will be supported in the future.
  warnings.warn(
/scratch2/soochul/MHBench/baselines/XPolicyLab/policy/GR00T_N17/gr00t_n17/gr00t/experiment/experiment.py:96: UserWarning: image_crop_size and image_target_size will be deprecated in the future. Please use shortest_image_edge and crop_fraction instead.
  warnings.warn(
08/13/2026 01:43:56 - INFO - Saved config to /scratch2/soochul/MHBench/baselines/XPolicyLab/policy/GR00T_N17/checkpoints/mhbench-cocarry_a-unitree_g1x2_decentralized-joint-0/mhbench-cocarry_a-unitree_g1x2_decentralized-joint-0/experiment_cfg
Loaded modality config: /scratch2/soochul/MHBench/baselines/XPolicyLab/policy/GR00T_N17/configs/unitree_g1x2_decentralized_config.py
[launch_finetune] cosmos backbone: nvidia/Cosmos-Reason2-2B, local_files_only=False
[launch_finetune] video_backend=pyav
Fetching 2 files:   0%|          | 0/2 [00:00<?, ?it/s]